Component: ARM Compiler 5.06 update 6 (build 750) Tool: armlink [4d35ed]

==============================================================================

Section Cross References

    startup_mkl26z4.o(RESET) refers to startup_mkl26z4.o(.text) for Reset_Handler
    startup_mkl26z4.o(.text) refers to startup_mkl26z4.o(FlashConfig) for FlashConfig
    startup_mkl26z4.o(.text) refers to startup_mkl26z4.o(RESET) for __Vectors
    startup_mkl26z4.o(.text) refers to entry.o(.ARM.Collect$$$$00000000) for __main
    startup_mkl26z4.o(.text) refers to fsl_lpsci.o(i.UART0_DriverIRQHandler) for UART0_DriverIRQHandler
    startup_mkl26z4.o(.text) refers to fsl_uart.o(i.UART1_DriverIRQHandler) for UART1_DriverIRQHandler
    startup_mkl26z4.o(.text) refers to fsl_uart.o(i.UART2_DriverIRQHandler) for UART2_DriverIRQHandler
    fsl_lpsci.o(i.LPSCI_Deinit) refers to fsl_lpsci.o(i.LPSCI_GetInstance) for LPSCI_GetInstance
    fsl_lpsci.o(i.LPSCI_Deinit) refers to fsl_lpsci.o(.constdata) for s_lpsciClock
    fsl_lpsci.o(i.LPSCI_GetDefaultConfig) refers to fsl_common.o(i.__aeabi_assert) for __aeabi_assert
    fsl_lpsci.o(i.LPSCI_GetInstance) refers to fsl_common.o(i.__aeabi_assert) for __aeabi_assert
    fsl_lpsci.o(i.LPSCI_GetInstance) refers to fsl_lpsci.o(.constdata) for s_lpsciBases
    fsl_lpsci.o(i.LPSCI_Init) refers to fsl_common.o(i.__aeabi_assert) for __aeabi_assert
    fsl_lpsci.o(i.LPSCI_Init) refers to uidiv.o(.text) for __aeabi_uidivmod
    fsl_lpsci.o(i.LPSCI_Init) refers to fsl_lpsci.o(i.LPSCI_GetInstance) for LPSCI_GetInstance
    fsl_lpsci.o(i.LPSCI_Init) refers to fsl_lpsci.o(.constdata) for s_lpsciClock
    fsl_lpsci.o(i.LPSCI_ReadBlocking) refers to fsl_common.o(i.__aeabi_assert) for __aeabi_assert
    fsl_lpsci.o(i.LPSCI_ReadBlocking) refers to fsl_lpsci.o(i.LPSCI_GetStatusFlags) for LPSCI_GetStatusFlags
    fsl_lpsci.o(i.LPSCI_ReadBlocking) refers to fsl_lpsci.o(i.LPSCI_ClearStatusFlags) for LPSCI_ClearStatusFlags
    fsl_lpsci.o(i.LPSCI_ReadNonBlocking) refers to fsl_common.o(i.__aeabi_assert) for __aeabi_assert
    fsl_lpsci.o(i.LPSCI_SetBaudRate) refers to fsl_common.o(i.__aeabi_assert) for __aeabi_assert
    fsl_lpsci.o(i.LPSCI_SetBaudRate) refers to uidiv.o(.text) for __aeabi_uidivmod
    fsl_lpsci.o(i.LPSCI_TransferAbortReceive) refers to fsl_common.o(i.__aeabi_assert) for __aeabi_assert
    fsl_lpsci.o(i.LPSCI_TransferAbortReceive) refers to fsl_lpsci.o(i.LPSCI_DisableInterrupts) for LPSCI_DisableInterrupts
    fsl_lpsci.o(i.LPSCI_TransferAbortSend) refers to fsl_common.o(i.__aeabi_assert) for __aeabi_assert
    fsl_lpsci.o(i.LPSCI_TransferAbortSend) refers to fsl_lpsci.o(i.LPSCI_DisableInterrupts) for LPSCI_DisableInterrupts
    fsl_lpsci.o(i.LPSCI_TransferCreateHandle) refers to fsl_common.o(i.__aeabi_assert) for __aeabi_assert
    fsl_lpsci.o(i.LPSCI_TransferCreateHandle) refers to memseta.o(.text) for __aeabi_memclr4
    fsl_lpsci.o(i.LPSCI_TransferCreateHandle) refers to fsl_lpsci.o(i.LPSCI_GetInstance) for LPSCI_GetInstance
    fsl_lpsci.o(i.LPSCI_TransferCreateHandle) refers to fsl_lpsci.o(.data) for s_lpsciHandle
    fsl_lpsci.o(i.LPSCI_TransferCreateHandle) refers to fsl_lpsci.o(i.LPSCI_TransferHandleIRQ) for LPSCI_TransferHandleIRQ
    fsl_lpsci.o(i.LPSCI_TransferCreateHandle) refers to fsl_lpsci.o(.constdata) for s_lpsciIRQ
    fsl_lpsci.o(i.LPSCI_TransferGetReceiveCount) refers to fsl_common.o(i.__aeabi_assert) for __aeabi_assert
    fsl_lpsci.o(i.LPSCI_TransferGetRxRingBufferLength) refers to fsl_common.o(i.__aeabi_assert) for __aeabi_assert
    fsl_lpsci.o(i.LPSCI_TransferGetSendCount) refers to fsl_common.o(i.__aeabi_assert) for __aeabi_assert
    fsl_lpsci.o(i.LPSCI_TransferHandleIRQ) refers to fsl_common.o(i.__aeabi_assert) for __aeabi_assert
    fsl_lpsci.o(i.LPSCI_TransferHandleIRQ) refers to fsl_lpsci.o(i.LPSCI_ClearStatusFlags) for LPSCI_ClearStatusFlags
    fsl_lpsci.o(i.LPSCI_TransferHandleIRQ) refers to fsl_lpsci.o(i.LPSCI_ReadNonBlocking) for LPSCI_ReadNonBlocking
    fsl_lpsci.o(i.LPSCI_TransferHandleIRQ) refers to fsl_lpsci.o(i.LPSCI_TransferIsRxRingBufferFull) for LPSCI_TransferIsRxRingBufferFull
    fsl_lpsci.o(i.LPSCI_TransferHandleIRQ) refers to fsl_lpsci.o(i.LPSCI_DisableInterrupts) for LPSCI_DisableInterrupts
    fsl_lpsci.o(i.LPSCI_TransferHandleIRQ) refers to fsl_lpsci.o(i.LPSCI_WriteNonBlocking) for LPSCI_WriteNonBlocking
    fsl_lpsci.o(i.LPSCI_TransferIsRxRingBufferFull) refers to fsl_common.o(i.__aeabi_assert) for __aeabi_assert
    fsl_lpsci.o(i.LPSCI_TransferIsRxRingBufferFull) refers to fsl_lpsci.o(i.LPSCI_TransferGetRxRingBufferLength) for LPSCI_TransferGetRxRingBufferLength
    fsl_lpsci.o(i.LPSCI_TransferReceiveNonBlocking) refers to fsl_common.o(i.__aeabi_assert) for __aeabi_assert
    fsl_lpsci.o(i.LPSCI_TransferReceiveNonBlocking) refers to fsl_lpsci.o(i.LPSCI_DisableInterrupts) for LPSCI_DisableInterrupts
    fsl_lpsci.o(i.LPSCI_TransferReceiveNonBlocking) refers to fsl_lpsci.o(i.LPSCI_TransferGetRxRingBufferLength) for LPSCI_TransferGetRxRingBufferLength
    fsl_lpsci.o(i.LPSCI_TransferReceiveNonBlocking) refers to fsl_lpsci.o(i.LPSCI_EnableInterrupts) for LPSCI_EnableInterrupts
    fsl_lpsci.o(i.LPSCI_TransferSendNonBlocking) refers to fsl_common.o(i.__aeabi_assert) for __aeabi_assert
    fsl_lpsci.o(i.LPSCI_TransferSendNonBlocking) refers to fsl_lpsci.o(i.LPSCI_EnableInterrupts) for LPSCI_EnableInterrupts
    fsl_lpsci.o(i.LPSCI_TransferStartRingBuffer) refers to fsl_common.o(i.__aeabi_assert) for __aeabi_assert
    fsl_lpsci.o(i.LPSCI_TransferStartRingBuffer) refers to fsl_lpsci.o(i.LPSCI_EnableInterrupts) for LPSCI_EnableInterrupts
    fsl_lpsci.o(i.LPSCI_TransferStopRingBuffer) refers to fsl_common.o(i.__aeabi_assert) for __aeabi_assert
    fsl_lpsci.o(i.LPSCI_TransferStopRingBuffer) refers to fsl_lpsci.o(i.LPSCI_DisableInterrupts) for LPSCI_DisableInterrupts
    fsl_lpsci.o(i.LPSCI_WriteBlocking) refers to fsl_common.o(i.__aeabi_assert) for __aeabi_assert
    fsl_lpsci.o(i.LPSCI_WriteNonBlocking) refers to fsl_common.o(i.__aeabi_assert) for __aeabi_assert
    fsl_lpsci.o(i.UART0_DriverIRQHandler) refers to fsl_lpsci.o(.data) for s_lpsciHandle
    fsl_uart.o(i.UART1_DriverIRQHandler) refers to fsl_uart.o(.bss) for s_uartHandle
    fsl_uart.o(i.UART1_DriverIRQHandler) refers to fsl_uart.o(.data) for s_uartIsr
    fsl_uart.o(i.UART1_RX_TX_DriverIRQHandler) refers to fsl_uart.o(i.UART1_DriverIRQHandler) for UART1_DriverIRQHandler
    fsl_uart.o(i.UART2_DriverIRQHandler) refers to fsl_uart.o(.bss) for s_uartHandle
    fsl_uart.o(i.UART2_DriverIRQHandler) refers to fsl_uart.o(.data) for s_uartIsr
    fsl_uart.o(i.UART2_RX_TX_DriverIRQHandler) refers to fsl_uart.o(i.UART2_DriverIRQHandler) for UART2_DriverIRQHandler
    fsl_uart.o(i.UART_ClearStatusFlags) refers to fsl_uart.o(i.UART_GetStatusFlags) for UART_GetStatusFlags
    fsl_uart.o(i.UART_Deinit) refers to fsl_uart.o(i.UART_GetInstance) for UART_GetInstance
    fsl_uart.o(i.UART_Deinit) refers to fsl_uart.o(.constdata) for s_uartClock
    fsl_uart.o(i.UART_GetDefaultConfig) refers to fsl_common.o(i.__aeabi_assert) for __aeabi_assert
    fsl_uart.o(i.UART_GetInstance) refers to fsl_common.o(i.__aeabi_assert) for __aeabi_assert
    fsl_uart.o(i.UART_GetInstance) refers to fsl_uart.o(.constdata) for s_uartBases
    fsl_uart.o(i.UART_Init) refers to fsl_common.o(i.__aeabi_assert) for __aeabi_assert
    fsl_uart.o(i.UART_Init) refers to uidiv.o(.text) for __aeabi_uidivmod
    fsl_uart.o(i.UART_Init) refers to fsl_uart.o(i.UART_GetInstance) for UART_GetInstance
    fsl_uart.o(i.UART_Init) refers to fsl_uart.o(.constdata) for s_uartClock
    fsl_uart.o(i.UART_ReadBlocking) refers to fsl_common.o(i.__aeabi_assert) for __aeabi_assert
    fsl_uart.o(i.UART_ReadBlocking) refers to fsl_uart.o(i.UART_GetStatusFlags) for UART_GetStatusFlags
    fsl_uart.o(i.UART_ReadNonBlocking) refers to fsl_common.o(i.__aeabi_assert) for __aeabi_assert
    fsl_uart.o(i.UART_SetBaudRate) refers to fsl_common.o(i.__aeabi_assert) for __aeabi_assert
    fsl_uart.o(i.UART_SetBaudRate) refers to uidiv.o(.text) for __aeabi_uidivmod
    fsl_uart.o(i.UART_TransferAbortReceive) refers to fsl_common.o(i.__aeabi_assert) for __aeabi_assert
    fsl_uart.o(i.UART_TransferAbortReceive) refers to fsl_uart.o(i.UART_DisableInterrupts) for UART_DisableInterrupts
    fsl_uart.o(i.UART_TransferAbortSend) refers to fsl_common.o(i.__aeabi_assert) for __aeabi_assert
    fsl_uart.o(i.UART_TransferAbortSend) refers to fsl_uart.o(i.UART_DisableInterrupts) for UART_DisableInterrupts
    fsl_uart.o(i.UART_TransferCreateHandle) refers to fsl_common.o(i.__aeabi_assert) for __aeabi_assert
    fsl_uart.o(i.UART_TransferCreateHandle) refers to memseta.o(.text) for __aeabi_memclr4
    fsl_uart.o(i.UART_TransferCreateHandle) refers to fsl_uart.o(i.UART_GetInstance) for UART_GetInstance
    fsl_uart.o(i.UART_TransferCreateHandle) refers to fsl_uart.o(.bss) for s_uartHandle
    fsl_uart.o(i.UART_TransferCreateHandle) refers to fsl_uart.o(i.UART_TransferHandleIRQ) for UART_TransferHandleIRQ
    fsl_uart.o(i.UART_TransferCreateHandle) refers to fsl_uart.o(.data) for s_uartIsr
    fsl_uart.o(i.UART_TransferCreateHandle) refers to fsl_uart.o(.constdata) for s_uartIRQ
    fsl_uart.o(i.UART_TransferGetReceiveCount) refers to fsl_common.o(i.__aeabi_assert) for __aeabi_assert
    fsl_uart.o(i.UART_TransferGetRxRingBufferLength) refers to fsl_common.o(i.__aeabi_assert) for __aeabi_assert
    fsl_uart.o(i.UART_TransferGetSendCount) refers to fsl_common.o(i.__aeabi_assert) for __aeabi_assert
    fsl_uart.o(i.UART_TransferHandleIRQ) refers to fsl_common.o(i.__aeabi_assert) for __aeabi_assert
    fsl_uart.o(i.UART_TransferHandleIRQ) refers to fsl_uart.o(i.UART_ReadNonBlocking) for UART_ReadNonBlocking
    fsl_uart.o(i.UART_TransferHandleIRQ) refers to fsl_uart.o(i.UART_TransferIsRxRingBufferFull) for UART_TransferIsRxRingBufferFull
    fsl_uart.o(i.UART_TransferHandleIRQ) refers to fsl_uart.o(i.UART_DisableInterrupts) for UART_DisableInterrupts
    fsl_uart.o(i.UART_TransferHandleIRQ) refers to fsl_uart.o(i.UART_WriteNonBlocking) for UART_WriteNonBlocking
    fsl_uart.o(i.UART_TransferIsRxRingBufferFull) refers to fsl_common.o(i.__aeabi_assert) for __aeabi_assert
    fsl_uart.o(i.UART_TransferIsRxRingBufferFull) refers to fsl_uart.o(i.UART_TransferGetRxRingBufferLength) for UART_TransferGetRxRingBufferLength
    fsl_uart.o(i.UART_TransferReceiveNonBlocking) refers to fsl_common.o(i.__aeabi_assert) for __aeabi_assert
    fsl_uart.o(i.UART_TransferReceiveNonBlocking) refers to fsl_uart.o(i.UART_DisableInterrupts) for UART_DisableInterrupts
    fsl_uart.o(i.UART_TransferReceiveNonBlocking) refers to fsl_uart.o(i.UART_TransferGetRxRingBufferLength) for UART_TransferGetRxRingBufferLength
    fsl_uart.o(i.UART_TransferReceiveNonBlocking) refers to fsl_uart.o(i.UART_EnableInterrupts) for UART_EnableInterrupts
    fsl_uart.o(i.UART_TransferSendNonBlocking) refers to fsl_common.o(i.__aeabi_assert) for __aeabi_assert
    fsl_uart.o(i.UART_TransferSendNonBlocking) refers to fsl_uart.o(i.UART_EnableInterrupts) for UART_EnableInterrupts
    fsl_uart.o(i.UART_TransferStartRingBuffer) refers to fsl_common.o(i.__aeabi_assert) for __aeabi_assert
    fsl_uart.o(i.UART_TransferStartRingBuffer) refers to fsl_uart.o(i.UART_EnableInterrupts) for UART_EnableInterrupts
    fsl_uart.o(i.UART_TransferStopRingBuffer) refers to fsl_common.o(i.__aeabi_assert) for __aeabi_assert
    fsl_uart.o(i.UART_TransferStopRingBuffer) refers to fsl_uart.o(i.UART_DisableInterrupts) for UART_DisableInterrupts
    fsl_uart.o(i.UART_WriteNonBlocking) refers to fsl_common.o(i.__aeabi_assert) for __aeabi_assert
    fsl_common.o(i.__aeabi_assert) refers to fsl_debug_console.o(i.DbgConsole_Printf) for DbgConsole_Printf
    fsl_gpio.o(i.FGPIO_ClearPinsInterruptFlags) refers to fsl_gpio.o(i.FGPIO_GetInstance) for FGPIO_GetInstance
    fsl_gpio.o(i.FGPIO_ClearPinsInterruptFlags) refers to fsl_gpio.o(.constdata) for s_portBases
    fsl_gpio.o(i.FGPIO_GetInstance) refers to fsl_common.o(i.__aeabi_assert) for __aeabi_assert
    fsl_gpio.o(i.FGPIO_GetInstance) refers to fsl_gpio.o(.constdata) for s_fgpioBases
    fsl_gpio.o(i.FGPIO_GetPinsInterruptFlags) refers to fsl_gpio.o(i.FGPIO_GetInstance) for FGPIO_GetInstance
    fsl_gpio.o(i.FGPIO_GetPinsInterruptFlags) refers to fsl_gpio.o(.constdata) for s_portBases
    fsl_gpio.o(i.FGPIO_PinInit) refers to fsl_common.o(i.__aeabi_assert) for __aeabi_assert
    fsl_gpio.o(i.GPIO_ClearPinsInterruptFlags) refers to fsl_gpio.o(i.GPIO_GetInstance) for GPIO_GetInstance
    fsl_gpio.o(i.GPIO_ClearPinsInterruptFlags) refers to fsl_gpio.o(.constdata) for s_portBases
    fsl_gpio.o(i.GPIO_GetInstance) refers to fsl_common.o(i.__aeabi_assert) for __aeabi_assert
    fsl_gpio.o(i.GPIO_GetInstance) refers to fsl_gpio.o(.constdata) for s_gpioBases
    fsl_gpio.o(i.GPIO_GetPinsInterruptFlags) refers to fsl_gpio.o(i.GPIO_GetInstance) for GPIO_GetInstance
    fsl_gpio.o(i.GPIO_GetPinsInterruptFlags) refers to fsl_gpio.o(.constdata) for s_portBases
    fsl_gpio.o(i.GPIO_PinInit) refers to fsl_common.o(i.__aeabi_assert) for __aeabi_assert
    fsl_smc.o(i.SMC_PostExitStopModes) refers to fsl_flash.o(i.FLASH_PflashSetPrefetchSpeculation) for FLASH_PflashSetPrefetchSpeculation
    fsl_smc.o(i.SMC_PreEnterStopModes) refers to fsl_flash.o(i.FLASH_PflashSetPrefetchSpeculation) for FLASH_PflashSetPrefetchSpeculation
    fsl_smc.o(i.SMC_PreEnterStopModes) refers to fsl_smc.o(.constdata) for .constdata
    fsl_flash.o(i.FLASH_Erase) refers to fsl_flash.o(i.flash_get_matched_operation_info) for flash_get_matched_operation_info
    fsl_flash.o(i.FLASH_Erase) refers to fsl_flash.o(i.flash_check_range) for flash_check_range
    fsl_flash.o(i.FLASH_Erase) refers to fsl_flash.o(i.flash_check_user_key) for flash_check_user_key
    fsl_flash.o(i.FLASH_Erase) refers to uidiv.o(.text) for __aeabi_uidivmod
    fsl_flash.o(i.FLASH_Erase) refers to fsl_flash.o(i.flash_cache_clear_process) for flash_cache_clear_process
    fsl_flash.o(i.FLASH_Erase) refers to fsl_flash.o(i.flash_command_sequence) for flash_command_sequence
    fsl_flash.o(i.FLASH_Erase) refers to fsl_flash.o(i.flash_cache_clear) for flash_cache_clear
    fsl_flash.o(i.FLASH_EraseAll) refers to fsl_flash.o(i.flash_check_user_key) for flash_check_user_key
    fsl_flash.o(i.FLASH_EraseAll) refers to fsl_flash.o(i.flash_cache_clear_process) for flash_cache_clear_process
    fsl_flash.o(i.FLASH_EraseAll) refers to fsl_flash.o(i.flash_command_sequence) for flash_command_sequence
    fsl_flash.o(i.FLASH_EraseAll) refers to fsl_flash.o(i.flash_cache_clear) for flash_cache_clear
    fsl_flash.o(i.FLASH_EraseAllExecuteOnlySegments) refers to fsl_flash.o(i.flash_check_user_key) for flash_check_user_key
    fsl_flash.o(i.FLASH_EraseAllExecuteOnlySegments) refers to fsl_flash.o(i.flash_cache_clear_process) for flash_cache_clear_process
    fsl_flash.o(i.FLASH_EraseAllExecuteOnlySegments) refers to fsl_flash.o(i.flash_command_sequence) for flash_command_sequence
    fsl_flash.o(i.FLASH_EraseAllExecuteOnlySegments) refers to fsl_flash.o(i.flash_cache_clear) for flash_cache_clear
    fsl_flash.o(i.FLASH_GetProperty) refers to fsl_flash.o(i.__ARM_common_switch8) for __ARM_common_switch8
    fsl_flash.o(i.FLASH_Init) refers to fsl_flash.o(i.flash_check_execute_in_ram_function_info) for flash_check_execute_in_ram_function_info
    fsl_flash.o(i.FLASH_Init) refers to fsl_flash.o(i.FLASH_PrepareExecuteInRamFunctions) for FLASH_PrepareExecuteInRamFunctions
    fsl_flash.o(i.FLASH_Init) refers to fsl_flash.o(.constdata) for kPFlashDensities
    fsl_flash.o(i.FLASH_Init) refers to fsl_flash.o(.bss) for s_flashExecuteInRamFunctionInfo
    fsl_flash.o(i.FLASH_IsExecuteOnly) refers to fsl_flash.o(i.flash_check_range) for flash_check_range
    fsl_flash.o(i.FLASH_IsProtected) refers to fsl_flash.o(i.flash_check_range) for flash_check_range
    fsl_flash.o(i.FLASH_IsProtected) refers to fsl_flash.o(i.flash_get_protection_info) for flash_get_protection_info
    fsl_flash.o(i.FLASH_PrepareExecuteInRamFunctions) refers to fsl_flash.o(i.copy_flash_run_command) for copy_flash_run_command
    fsl_flash.o(i.FLASH_PrepareExecuteInRamFunctions) refers to fsl_flash.o(i.copy_flash_common_bit_operation) for copy_flash_common_bit_operation
    fsl_flash.o(i.FLASH_Program) refers to fsl_flash.o(i.flash_get_matched_operation_info) for flash_get_matched_operation_info
    fsl_flash.o(i.FLASH_Program) refers to fsl_flash.o(i.flash_check_range) for flash_check_range
    fsl_flash.o(i.FLASH_Program) refers to fsl_flash.o(i.flash_cache_clear_process) for flash_cache_clear_process
    fsl_flash.o(i.FLASH_Program) refers to fsl_flash.o(i.flash_command_sequence) for flash_command_sequence
    fsl_flash.o(i.FLASH_Program) refers to fsl_flash.o(i.flash_cache_clear) for flash_cache_clear
    fsl_flash.o(i.FLASH_ProgramOnce) refers to fsl_flash.o(i.flash_cache_clear_process) for flash_cache_clear_process
    fsl_flash.o(i.FLASH_ProgramOnce) refers to fsl_flash.o(i.flash_command_sequence) for flash_command_sequence
    fsl_flash.o(i.FLASH_ProgramOnce) refers to fsl_flash.o(i.flash_cache_clear) for flash_cache_clear
    fsl_flash.o(i.FLASH_ReadOnce) refers to fsl_flash.o(i.flash_command_sequence) for flash_command_sequence
    fsl_flash.o(i.FLASH_ReadResource) refers to fsl_flash.o(i.flash_get_matched_operation_info) for flash_get_matched_operation_info
    fsl_flash.o(i.FLASH_ReadResource) refers to fsl_flash.o(i.flash_check_resource_range) for flash_check_resource_range
    fsl_flash.o(i.FLASH_ReadResource) refers to fsl_flash.o(i.flash_command_sequence) for flash_command_sequence
    fsl_flash.o(i.FLASH_SecurityBypass) refers to fsl_flash.o(i.flash_command_sequence) for flash_command_sequence
    fsl_flash.o(i.FLASH_SetProperty) refers to fsl_flash.o(i.__ARM_common_switch8) for __ARM_common_switch8
    fsl_flash.o(i.FLASH_VerifyErase) refers to fsl_flash.o(i.flash_get_matched_operation_info) for flash_get_matched_operation_info
    fsl_flash.o(i.FLASH_VerifyErase) refers to fsl_flash.o(i.flash_check_range) for flash_check_range
    fsl_flash.o(i.FLASH_VerifyErase) refers to uidiv.o(.text) for __aeabi_uidivmod
    fsl_flash.o(i.FLASH_VerifyErase) refers to fsl_flash.o(i.flash_command_sequence) for flash_command_sequence
    fsl_flash.o(i.FLASH_VerifyEraseAll) refers to fsl_flash.o(i.flash_command_sequence) for flash_command_sequence
    fsl_flash.o(i.FLASH_VerifyEraseAllExecuteOnlySegments) refers to fsl_flash.o(i.flash_command_sequence) for flash_command_sequence
    fsl_flash.o(i.FLASH_VerifyProgram) refers to fsl_flash.o(i.flash_get_matched_operation_info) for flash_get_matched_operation_info
    fsl_flash.o(i.FLASH_VerifyProgram) refers to fsl_flash.o(i.flash_check_range) for flash_check_range
    fsl_flash.o(i.FLASH_VerifyProgram) refers to fsl_flash.o(i.flash_command_sequence) for flash_command_sequence
    fsl_flash.o(i.copy_flash_common_bit_operation) refers to memcpya.o(.text) for __aeabi_memcpy
    fsl_flash.o(i.copy_flash_common_bit_operation) refers to fsl_flash.o(.constdata) for s_flashCommonBitOperationFunctionCode
    fsl_flash.o(i.copy_flash_common_bit_operation) refers to fsl_flash.o(.data) for callFlashCommonBitOperation
    fsl_flash.o(i.copy_flash_run_command) refers to memcpya.o(.text) for __aeabi_memcpy
    fsl_flash.o(i.copy_flash_run_command) refers to fsl_flash.o(.constdata) for s_flashRunCommandFunctionCode
    fsl_flash.o(i.copy_flash_run_command) refers to fsl_flash.o(.data) for callFlashRunCommand
    fsl_flash.o(i.flash_cache_clear) refers to fsl_flash.o(i.flash_cache_clear_process) for flash_cache_clear_process
    fsl_flash.o(i.flash_cache_clear_process) refers to fsl_flash.o(i.flash_check_execute_in_ram_function_info) for flash_check_execute_in_ram_function_info
    fsl_flash.o(i.flash_cache_clear_process) refers to fsl_flash.o(i.mcm_flash_cache_clear) for mcm_flash_cache_clear
    fsl_flash.o(i.flash_command_sequence) refers to fsl_flash.o(i.flash_check_execute_in_ram_function_info) for flash_check_execute_in_ram_function_info
    fsl_flash.o(i.flash_command_sequence) refers to fsl_flash.o(.data) for callFlashRunCommand
    fsl_flash.o(i.flash_get_matched_operation_info) refers to memseta.o(.text) for __aeabi_memclr4
    fsl_flash.o(i.flash_get_matched_operation_info) refers to uidiv.o(.text) for __aeabi_uidivmod
    fsl_flash.o(i.flash_get_protection_info) refers to uidiv.o(.text) for __aeabi_uidivmod
    fsl_flash.o(i.mcm_flash_cache_clear) refers to fsl_flash.o(.data) for callFlashCommonBitOperation
    fsl_clock.o(i.CLOCK_BootToBlpeMode) refers to fsl_clock.o(i.CLOCK_SetExternalRefClkConfig) for CLOCK_SetExternalRefClkConfig
    fsl_clock.o(i.CLOCK_BootToBlpiMode) refers to fsl_clock.o(i.CLOCK_SetInternalRefClkConfig) for CLOCK_SetInternalRefClkConfig
    fsl_clock.o(i.CLOCK_BootToFeeMode) refers to fsl_clock.o(i.CLOCK_SetExternalRefClkConfig) for CLOCK_SetExternalRefClkConfig
    fsl_clock.o(i.CLOCK_BootToFeeMode) refers to fsl_clock.o(i.CLOCK_SetFeeMode) for CLOCK_SetFeeMode
    fsl_clock.o(i.CLOCK_BootToFeiMode) refers to fsl_clock.o(i.CLOCK_SetFeiMode) for CLOCK_SetFeiMode
    fsl_clock.o(i.CLOCK_BootToPeeMode) refers to fsl_common.o(i.__aeabi_assert) for __aeabi_assert
    fsl_clock.o(i.CLOCK_BootToPeeMode) refers to fsl_clock.o(i.CLOCK_SetExternalRefClkConfig) for CLOCK_SetExternalRefClkConfig
    fsl_clock.o(i.CLOCK_BootToPeeMode) refers to fsl_clock.o(i.CLOCK_SetPbeMode) for CLOCK_SetPbeMode
    fsl_clock.o(i.CLOCK_CalcPllDiv) refers to uidiv.o(.text) for __aeabi_uidivmod
    fsl_clock.o(i.CLOCK_EnablePll0) refers to fsl_common.o(i.__aeabi_assert) for __aeabi_assert
    fsl_clock.o(i.CLOCK_GetBusClkFreq) refers to fsl_clock.o(i.CLOCK_GetOutClkFreq) for CLOCK_GetOutClkFreq
    fsl_clock.o(i.CLOCK_GetBusClkFreq) refers to uidiv.o(.text) for __aeabi_uidivmod
    fsl_clock.o(i.CLOCK_GetCoreSysClkFreq) refers to fsl_clock.o(i.CLOCK_GetOutClkFreq) for CLOCK_GetOutClkFreq
    fsl_clock.o(i.CLOCK_GetCoreSysClkFreq) refers to uidiv.o(.text) for __aeabi_uidivmod
    fsl_clock.o(i.CLOCK_GetEr32kClkFreq) refers to fsl_clock.o(i.CLOCK_GetOsc0ErClkFreq) for CLOCK_GetOsc0ErClkFreq
    fsl_clock.o(i.CLOCK_GetEr32kClkFreq) refers to fsl_common.o(i.__aeabi_assert) for __aeabi_assert
    fsl_clock.o(i.CLOCK_GetEr32kClkFreq) refers to fsl_clock.o(.data) for g_xtal32Freq
    fsl_clock.o(i.CLOCK_GetFixedFreqClkFreq) refers to fsl_clock.o(i.CLOCK_GetFllRefClkFreq) for CLOCK_GetFllRefClkFreq
    fsl_clock.o(i.CLOCK_GetFixedFreqClkFreq) refers to fsl_clock.o(i.CLOCK_GetOutClkFreq) for CLOCK_GetOutClkFreq
    fsl_clock.o(i.CLOCK_GetFlashClkFreq) refers to fsl_clock.o(i.CLOCK_GetOutClkFreq) for CLOCK_GetOutClkFreq
    fsl_clock.o(i.CLOCK_GetFlashClkFreq) refers to uidiv.o(.text) for __aeabi_uidivmod
    fsl_clock.o(i.CLOCK_GetFllExtRefClkFreq) refers to fsl_clock.o(i.CLOCK_GetMcgExtClkFreq) for CLOCK_GetMcgExtClkFreq
    fsl_clock.o(i.CLOCK_GetFllExtRefClkFreq) refers to fsl_flash.o(i.__ARM_common_switch8) for __ARM_common_switch8
    fsl_clock.o(i.CLOCK_GetFllExtRefClkFreq) refers to uidiv.o(.text) for __aeabi_uidivmod
    fsl_clock.o(i.CLOCK_GetFllFreq) refers to fsl_clock.o(i.CLOCK_GetFllRefClkFreq) for CLOCK_GetFllRefClkFreq
    fsl_clock.o(i.CLOCK_GetFllFreq) refers to fsl_clock.o(.constdata) for fllFactorTable
    fsl_clock.o(i.CLOCK_GetFllRefClkFreq) refers to fsl_clock.o(i.CLOCK_GetFllExtRefClkFreq) for CLOCK_GetFllExtRefClkFreq
    fsl_clock.o(i.CLOCK_GetFllRefClkFreq) refers to fsl_clock.o(.data) for s_slowIrcFreq
    fsl_clock.o(i.CLOCK_GetFreq) refers to fsl_flash.o(i.__ARM_common_switch8) for __ARM_common_switch8
    fsl_clock.o(i.CLOCK_GetFreq) refers to fsl_clock.o(i.CLOCK_GetOutClkFreq) for CLOCK_GetOutClkFreq
    fsl_clock.o(i.CLOCK_GetFreq) refers to uidiv.o(.text) for __aeabi_uidivmod
    fsl_clock.o(i.CLOCK_GetFreq) refers to fsl_clock.o(i.CLOCK_GetPllFllSelClkFreq) for CLOCK_GetPllFllSelClkFreq
    fsl_clock.o(i.CLOCK_GetFreq) refers to fsl_clock.o(i.CLOCK_GetEr32kClkFreq) for CLOCK_GetEr32kClkFreq
    fsl_clock.o(i.CLOCK_GetFreq) refers to fsl_clock.o(i.CLOCK_GetFixedFreqClkFreq) for CLOCK_GetFixedFreqClkFreq
    fsl_clock.o(i.CLOCK_GetFreq) refers to fsl_clock.o(i.CLOCK_GetInternalRefClkFreq) for CLOCK_GetInternalRefClkFreq
    fsl_clock.o(i.CLOCK_GetFreq) refers to fsl_clock.o(i.CLOCK_GetFllFreq) for CLOCK_GetFllFreq
    fsl_clock.o(i.CLOCK_GetFreq) refers to fsl_clock.o(i.CLOCK_GetPll0Freq) for CLOCK_GetPll0Freq
    fsl_clock.o(i.CLOCK_GetFreq) refers to fsl_clock.o(i.CLOCK_GetOsc0ErClkFreq) for CLOCK_GetOsc0ErClkFreq
    fsl_clock.o(i.CLOCK_GetInternalRefClkFreq) refers to fsl_clock.o(i.CLOCK_GetInternalRefClkSelectFreq) for CLOCK_GetInternalRefClkSelectFreq
    fsl_clock.o(i.CLOCK_GetInternalRefClkSelectFreq) refers to fsl_clock.o(.data) for s_slowIrcFreq
    fsl_clock.o(i.CLOCK_GetMcgExtClkFreq) refers to fsl_common.o(i.__aeabi_assert) for __aeabi_assert
    fsl_clock.o(i.CLOCK_GetMcgExtClkFreq) refers to fsl_clock.o(.data) for g_xtal0Freq
    fsl_clock.o(i.CLOCK_GetOsc0ErClkFreq) refers to fsl_common.o(i.__aeabi_assert) for __aeabi_assert
    fsl_clock.o(i.CLOCK_GetOsc0ErClkFreq) refers to fsl_clock.o(.data) for g_xtal0Freq
    fsl_clock.o(i.CLOCK_GetOutClkFreq) refers to fsl_clock.o(i.CLOCK_GetPll0Freq) for CLOCK_GetPll0Freq
    fsl_clock.o(i.CLOCK_GetOutClkFreq) refers to fsl_clock.o(i.CLOCK_GetFllFreq) for CLOCK_GetFllFreq
    fsl_clock.o(i.CLOCK_GetOutClkFreq) refers to fsl_clock.o(i.CLOCK_GetInternalRefClkSelectFreq) for CLOCK_GetInternalRefClkSelectFreq
    fsl_clock.o(i.CLOCK_GetOutClkFreq) refers to fsl_clock.o(i.CLOCK_GetMcgExtClkFreq) for CLOCK_GetMcgExtClkFreq
    fsl_clock.o(i.CLOCK_GetPlatClkFreq) refers to fsl_clock.o(i.CLOCK_GetOutClkFreq) for CLOCK_GetOutClkFreq
    fsl_clock.o(i.CLOCK_GetPlatClkFreq) refers to uidiv.o(.text) for __aeabi_uidivmod
    fsl_clock.o(i.CLOCK_GetPll0Freq) refers to fsl_clock.o(i.CLOCK_GetPll0RefFreq) for CLOCK_GetPll0RefFreq
    fsl_clock.o(i.CLOCK_GetPll0Freq) refers to fsl_common.o(i.__aeabi_assert) for __aeabi_assert
    fsl_clock.o(i.CLOCK_GetPll0Freq) refers to uidiv.o(.text) for __aeabi_uidivmod
    fsl_clock.o(i.CLOCK_GetPll0RefFreq) refers to fsl_clock.o(i.CLOCK_GetMcgExtClkFreq) for CLOCK_GetMcgExtClkFreq
    fsl_clock.o(i.CLOCK_GetPllFllSelClkFreq) refers to fsl_clock.o(i.CLOCK_GetFllFreq) for CLOCK_GetFllFreq
    fsl_clock.o(i.CLOCK_GetPllFllSelClkFreq) refers to fsl_clock.o(i.CLOCK_GetPll0Freq) for CLOCK_GetPll0Freq
    fsl_clock.o(i.CLOCK_InitOsc0) refers to fsl_clock.o(i.CLOCK_GetOscRangeFromFreq) for CLOCK_GetOscRangeFromFreq
    fsl_clock.o(i.CLOCK_SetMcgConfig) refers to fsl_clock.o(i.CLOCK_SetFeiMode) for CLOCK_SetFeiMode
    fsl_clock.o(i.CLOCK_SetMcgConfig) refers to fsl_clock.o(i.CLOCK_SetInternalRefClkConfig) for CLOCK_SetInternalRefClkConfig
    fsl_clock.o(i.CLOCK_SetMcgConfig) refers to fsl_clock.o(i.CLOCK_GetMode) for CLOCK_GetMode
    fsl_clock.o(i.CLOCK_SetMcgConfig) refers to fsl_flash.o(i.__ARM_common_switch8) for __ARM_common_switch8
    fsl_clock.o(i.CLOCK_SetMcgConfig) refers to fsl_clock.o(i.CLOCK_SetFeeMode) for CLOCK_SetFeeMode
    fsl_clock.o(i.CLOCK_SetMcgConfig) refers to fsl_clock.o(i.CLOCK_SetFbiMode) for CLOCK_SetFbiMode
    fsl_clock.o(i.CLOCK_SetMcgConfig) refers to fsl_clock.o(i.CLOCK_SetFbeMode) for CLOCK_SetFbeMode
    fsl_clock.o(i.CLOCK_SetMcgConfig) refers to fsl_clock.o(i.CLOCK_SetBlpiMode) for CLOCK_SetBlpiMode
    fsl_clock.o(i.CLOCK_SetMcgConfig) refers to fsl_clock.o(i.CLOCK_SetBlpeMode) for CLOCK_SetBlpeMode
    fsl_clock.o(i.CLOCK_SetMcgConfig) refers to fsl_clock.o(i.CLOCK_SetPbeMode) for CLOCK_SetPbeMode
    fsl_clock.o(i.CLOCK_SetMcgConfig) refers to fsl_clock.o(i.CLOCK_SetPeeMode) for CLOCK_SetPeeMode
    fsl_clock.o(i.CLOCK_SetMcgConfig) refers to fsl_clock.o(i.CLOCK_EnablePll0) for CLOCK_EnablePll0
    fsl_clock.o(i.CLOCK_SetMcgConfig) refers to fsl_clock.o(i.CLOCK_FllStableDelay) for CLOCK_FllStableDelay
    fsl_clock.o(i.CLOCK_SetMcgConfig) refers to fsl_clock.o(.constdata) for mcgModeMatrix
    fsl_clock.o(i.CLOCK_SetPbeMode) refers to fsl_common.o(i.__aeabi_assert) for __aeabi_assert
    fsl_clock.o(i.CLOCK_SetPbeMode) refers to fsl_clock.o(i.CLOCK_EnablePll0) for CLOCK_EnablePll0
    fsl_clock.o(i.CLOCK_TrimInternalRefClk) refers to uidiv.o(.text) for __aeabi_uidivmod
    fsl_clock.o(i.CLOCK_TrimInternalRefClk) refers to fsl_clock.o(.constdata) for trimRange
    fsl_clock.o(i.CLOCK_TrimInternalRefClk) refers to fsl_clock.o(.data) for s_fastIrcFreq
    hello_world.o(i.main) refers to pin_mux.o(i.BOARD_InitPins) for BOARD_InitPins
    hello_world.o(i.main) refers to clock_config.o(i.BOARD_BootClockRUN) for BOARD_BootClockRUN
    hello_world.o(i.main) refers to board.o(i.BOARD_InitDebugConsole) for BOARD_InitDebugConsole
    hello_world.o(i.main) refers to fsl_debug_console.o(i.DbgConsole_Printf) for DbgConsole_Printf
    hello_world.o(i.main) refers to fsl_debug_console.o(i.DbgConsole_Getchar) for DbgConsole_Getchar
    hello_world.o(i.main) refers to fsl_debug_console.o(i.DbgConsole_Putchar) for DbgConsole_Putchar
    pin_mux.o(i.BOARD_InitPins) refers to pin_mux.o(i.PORT_SetPinMux) for PORT_SetPinMux
    board.o(i.BOARD_InitDebugConsole) refers to fsl_clock.o(i.CLOCK_GetCoreSysClkFreq) for CLOCK_GetCoreSysClkFreq
    board.o(i.BOARD_InitDebugConsole) refers to fsl_debug_console.o(i.DbgConsole_Init) for DbgConsole_Init
    clock_config.o(i.BOARD_BootClockRUN) refers to fsl_clock.o(i.CLOCK_InitOsc0) for CLOCK_InitOsc0
    clock_config.o(i.BOARD_BootClockRUN) refers to clock_config.o(i.CLOCK_CONFIG_SetFllExtRefDiv) for CLOCK_CONFIG_SetFllExtRefDiv
    clock_config.o(i.BOARD_BootClockRUN) refers to fsl_clock.o(i.CLOCK_BootToPeeMode) for CLOCK_BootToPeeMode
    clock_config.o(i.BOARD_BootClockRUN) refers to fsl_clock.o(i.CLOCK_SetInternalRefClkConfig) for CLOCK_SetInternalRefClkConfig
    clock_config.o(i.BOARD_BootClockRUN) refers to fsl_clock.o(i.CLOCK_SetSimConfig) for CLOCK_SetSimConfig
    clock_config.o(i.BOARD_BootClockRUN) refers to clock_config.o(.constdata) for oscConfig_BOARD_BootClockRUN
    clock_config.o(i.BOARD_BootClockRUN) refers to fsl_clock.o(.data) for g_xtal0Freq
    clock_config.o(i.BOARD_BootClockVLPR) refers to fsl_clock.o(i.CLOCK_BootToBlpiMode) for CLOCK_BootToBlpiMode
    clock_config.o(i.BOARD_BootClockVLPR) refers to fsl_clock.o(i.CLOCK_SetSimConfig) for CLOCK_SetSimConfig
    clock_config.o(i.BOARD_BootClockVLPR) refers to fsl_smc.o(i.SMC_SetPowerModeVlpr) for SMC_SetPowerModeVlpr
    clock_config.o(i.BOARD_BootClockVLPR) refers to clock_config.o(.constdata) for mcgConfig_BOARD_BootClockVLPR
    fsl_debug_console.o(i.DbgConsole_ConvertRadixNumToString) refers to idiv.o(.text) for __aeabi_idivmod
    fsl_debug_console.o(i.DbgConsole_ConvertRadixNumToString) refers to uidiv.o(.text) for __aeabi_uidivmod
    fsl_debug_console.o(i.DbgConsole_Deinit) refers to fsl_uart.o(i.UART_Deinit) for UART_Deinit
    fsl_debug_console.o(i.DbgConsole_Deinit) refers to fsl_lpsci.o(i.LPSCI_Deinit) for LPSCI_Deinit
    fsl_debug_console.o(i.DbgConsole_Deinit) refers to fsl_debug_console.o(.bss) for s_debugConsole
    fsl_debug_console.o(i.DbgConsole_Getchar) refers to fsl_debug_console.o(.bss) for s_debugConsole
    fsl_debug_console.o(i.DbgConsole_Init) refers to fsl_uart.o(i.UART_GetDefaultConfig) for UART_GetDefaultConfig
    fsl_debug_console.o(i.DbgConsole_Init) refers to fsl_uart.o(i.UART_Init) for UART_Init
    fsl_debug_console.o(i.DbgConsole_Init) refers to fsl_lpsci.o(i.LPSCI_GetDefaultConfig) for LPSCI_GetDefaultConfig
    fsl_debug_console.o(i.DbgConsole_Init) refers to fsl_lpsci.o(i.LPSCI_Init) for LPSCI_Init
    fsl_debug_console.o(i.DbgConsole_Init) refers to fsl_debug_console.o(.bss) for s_debugConsole
    fsl_debug_console.o(i.DbgConsole_Init) refers to fsl_uart.o(i.UART_WriteBlocking) for UART_WriteBlocking
    fsl_debug_console.o(i.DbgConsole_Init) refers to fsl_uart.o(i.UART_ReadBlocking) for UART_ReadBlocking
    fsl_debug_console.o(i.DbgConsole_Init) refers to fsl_lpsci.o(i.LPSCI_WriteBlocking) for LPSCI_WriteBlocking
    fsl_debug_console.o(i.DbgConsole_Init) refers to fsl_lpsci.o(i.LPSCI_ReadBlocking) for LPSCI_ReadBlocking
    fsl_debug_console.o(i.DbgConsole_Printf) refers to fsl_debug_console.o(i.DbgConsole_PrintfFormattedData) for DbgConsole_PrintfFormattedData
    fsl_debug_console.o(i.DbgConsole_Printf) refers to fsl_debug_console.o(.bss) for s_debugConsole
    fsl_debug_console.o(i.DbgConsole_Printf) refers to fsl_debug_console.o(i.DbgConsole_Putchar) for DbgConsole_Putchar
    fsl_debug_console.o(i.DbgConsole_PrintfFormattedData) refers to fsl_debug_console.o(i.DbgConsole_ConvertRadixNumToString) for DbgConsole_ConvertRadixNumToString
    fsl_debug_console.o(i.DbgConsole_PrintfFormattedData) refers to fsl_debug_console.o(i.DbgConsole_PrintfPaddingCharacter) for DbgConsole_PrintfPaddingCharacter
    fsl_debug_console.o(i.DbgConsole_PrintfFormattedData) refers to strlen.o(.text) for strlen
    fsl_debug_console.o(i.DbgConsole_Putchar) refers to fsl_debug_console.o(.bss) for s_debugConsole
    fsl_debug_console.o(i.DbgConsole_Scanf) refers to fsl_debug_console.o(i.DbgConsole_Getchar) for DbgConsole_Getchar
    fsl_debug_console.o(i.DbgConsole_Scanf) refers to fsl_debug_console.o(i.DbgConsole_ScanfFormattedData) for DbgConsole_ScanfFormattedData
    fsl_debug_console.o(i.DbgConsole_Scanf) refers to fsl_debug_console.o(.bss) for s_debugConsole
    fsl_debug_console.o(i.DbgConsole_ScanfFormattedData) refers to fsl_debug_console.o(i.DbgConsole_ScanIgnoreWhiteSpace) for DbgConsole_ScanIgnoreWhiteSpace
    fsl_debug_console.o(i.DbgConsole_ScanfFormattedData) refers to fsl_flash.o(i.__ARM_common_switch8) for __ARM_common_switch8
    fsl_debug_console.o(i.fgetc) refers to fsl_debug_console.o(.bss) for s_debugConsole
    fsl_debug_console.o(i.fputc) refers to fsl_debug_console.o(.bss) for s_debugConsole
    entry.o(.ARM.Collect$$$$00000000) refers (Special) to entry10a.o(.ARM.Collect$$$$0000000D) for __rt_final_cpp
    entry.o(.ARM.Collect$$$$00000000) refers (Special) to entry11a.o(.ARM.Collect$$$$0000000F) for __rt_final_exit
    entry.o(.ARM.Collect$$$$00000000) refers (Special) to entry7b.o(.ARM.Collect$$$$00000008) for _main_clock
    entry.o(.ARM.Collect$$$$00000000) refers (Special) to entry8b.o(.ARM.Collect$$$$0000000A) for _main_cpp_init
    entry.o(.ARM.Collect$$$$00000000) refers (Special) to entry9a.o(.ARM.Collect$$$$0000000B) for _main_init
    entry.o(.ARM.Collect$$$$00000000) refers (Special) to entry5.o(.ARM.Collect$$$$00000004) for _main_scatterload
    entry.o(.ARM.Collect$$$$00000000) refers (Special) to entry4.o(.ARM.Collect$$$$00000003) for _main_stk
    idiv.o(.text) refers to uidiv.o(.text) for __aeabi_uidivmod
    entry4.o(.ARM.Collect$$$$00000003) refers to entry4.o(.ARM.Collect$$$$00002714) for __lit__00000000
    entry4.o(__vectab_stack_and_reset_area) refers to entry.o(.ARM.Collect$$$$00000000) for __main
    entry5.o(.ARM.Collect$$$$00000004) refers to init.o(.text) for __scatterload
    entry9a.o(.ARM.Collect$$$$0000000B) refers to hello_world.o(i.main) for main
    entry9b.o(.ARM.Collect$$$$0000000C) refers to hello_world.o(i.main) for main
    init.o(.text) refers to entry5.o(.ARM.Collect$$$$00000004) for __main_after_scatterload


==============================================================================

Removing Unused input sections from the image.

    Removing fsl_lpsci.o(.rev16_text), (4 bytes).
    Removing fsl_lpsci.o(.revsh_text), (4 bytes).
    Removing fsl_lpsci.o(i.LPSCI_Deinit), (56 bytes).
    Removing fsl_lpsci.o(i.LPSCI_DisableInterrupts), (32 bytes).
    Removing fsl_lpsci.o(i.LPSCI_EnableInterrupts), (32 bytes).
    Removing fsl_lpsci.o(i.LPSCI_GetEnabledInterrupts), (32 bytes).
    Removing fsl_lpsci.o(i.LPSCI_ReadNonBlocking), (100 bytes).
    Removing fsl_lpsci.o(i.LPSCI_SetBaudRate), (312 bytes).
    Removing fsl_lpsci.o(i.LPSCI_TransferAbortReceive), (132 bytes).
    Removing fsl_lpsci.o(i.LPSCI_TransferAbortSend), (108 bytes).
    Removing fsl_lpsci.o(i.LPSCI_TransferCreateHandle), (192 bytes).
    Removing fsl_lpsci.o(i.LPSCI_TransferGetReceiveCount), (140 bytes).
    Removing fsl_lpsci.o(i.LPSCI_TransferGetRxRingBufferLength), (112 bytes).
    Removing fsl_lpsci.o(i.LPSCI_TransferGetSendCount), (140 bytes).
    Removing fsl_lpsci.o(i.LPSCI_TransferHandleErrorIRQ), (2 bytes).
    Removing fsl_lpsci.o(i.LPSCI_TransferHandleIRQ), (636 bytes).
    Removing fsl_lpsci.o(i.LPSCI_TransferIsRxRingBufferFull), (104 bytes).
    Removing fsl_lpsci.o(i.LPSCI_TransferReceiveNonBlocking), (444 bytes).
    Removing fsl_lpsci.o(i.LPSCI_TransferSendNonBlocking), (228 bytes).
    Removing fsl_lpsci.o(i.LPSCI_TransferStartRingBuffer), (160 bytes).
    Removing fsl_lpsci.o(i.LPSCI_TransferStopRingBuffer), (136 bytes).
    Removing fsl_lpsci.o(i.LPSCI_WriteNonBlocking), (100 bytes).
    Removing fsl_uart.o(.rev16_text), (4 bytes).
    Removing fsl_uart.o(.revsh_text), (4 bytes).
    Removing fsl_uart.o(i.UART1_RX_TX_DriverIRQHandler), (8 bytes).
    Removing fsl_uart.o(i.UART2_RX_TX_DriverIRQHandler), (8 bytes).
    Removing fsl_uart.o(i.UART_ClearStatusFlags), (76 bytes).
    Removing fsl_uart.o(i.UART_Deinit), (60 bytes).
    Removing fsl_uart.o(i.UART_DisableInterrupts), (32 bytes).
    Removing fsl_uart.o(i.UART_EnableInterrupts), (32 bytes).
    Removing fsl_uart.o(i.UART_GetEnabledInterrupts), (32 bytes).
    Removing fsl_uart.o(i.UART_ReadNonBlocking), (104 bytes).
    Removing fsl_uart.o(i.UART_SetBaudRate), (216 bytes).
    Removing fsl_uart.o(i.UART_TransferAbortReceive), (132 bytes).
    Removing fsl_uart.o(i.UART_TransferAbortSend), (108 bytes).
    Removing fsl_uart.o(i.UART_TransferCreateHandle), (192 bytes).
    Removing fsl_uart.o(i.UART_TransferGetReceiveCount), (148 bytes).
    Removing fsl_uart.o(i.UART_TransferGetRxRingBufferLength), (112 bytes).
    Removing fsl_uart.o(i.UART_TransferGetSendCount), (140 bytes).
    Removing fsl_uart.o(i.UART_TransferHandleErrorIRQ), (2 bytes).
    Removing fsl_uart.o(i.UART_TransferHandleIRQ), (648 bytes).
    Removing fsl_uart.o(i.UART_TransferIsRxRingBufferFull), (104 bytes).
    Removing fsl_uart.o(i.UART_TransferReceiveNonBlocking), (444 bytes).
    Removing fsl_uart.o(i.UART_TransferSendNonBlocking), (228 bytes).
    Removing fsl_uart.o(i.UART_TransferStartRingBuffer), (160 bytes).
    Removing fsl_uart.o(i.UART_TransferStopRingBuffer), (132 bytes).
    Removing fsl_uart.o(i.UART_WriteNonBlocking), (104 bytes).
    Removing fsl_common.o(.rev16_text), (4 bytes).
    Removing fsl_common.o(.revsh_text), (4 bytes).
    Removing fsl_common.o(i.InstallIRQHandler), (116 bytes).
    Removing fsl_gpio.o(.rev16_text), (4 bytes).
    Removing fsl_gpio.o(.revsh_text), (4 bytes).
    Removing fsl_gpio.o(i.FGPIO_ClearPinsInterruptFlags), (32 bytes).
    Removing fsl_gpio.o(i.FGPIO_GetInstance), (140 bytes).
    Removing fsl_gpio.o(i.FGPIO_GetPinsInterruptFlags), (28 bytes).
    Removing fsl_gpio.o(i.FGPIO_PinInit), (140 bytes).
    Removing fsl_gpio.o(i.GPIO_ClearPinsInterruptFlags), (32 bytes).
    Removing fsl_gpio.o(i.GPIO_GetInstance), (140 bytes).
    Removing fsl_gpio.o(i.GPIO_GetPinsInterruptFlags), (28 bytes).
    Removing fsl_gpio.o(i.GPIO_PinInit), (140 bytes).
    Removing fsl_gpio.o(.constdata), (60 bytes).
    Removing fsl_smc.o(.rev16_text), (4 bytes).
    Removing fsl_smc.o(.revsh_text), (4 bytes).
    Removing fsl_smc.o(i.SMC_PostExitStopModes), (32 bytes).
    Removing fsl_smc.o(i.SMC_PreEnterStopModes), (40 bytes).
    Removing fsl_smc.o(i.SMC_SetPowerModeLls), (88 bytes).
    Removing fsl_smc.o(i.SMC_SetPowerModeRun), (20 bytes).
    Removing fsl_smc.o(i.SMC_SetPowerModeStop), (108 bytes).
    Removing fsl_smc.o(i.SMC_SetPowerModeVlls), (136 bytes).
    Removing fsl_smc.o(i.SMC_SetPowerModeVlpr), (22 bytes).
    Removing fsl_smc.o(i.SMC_SetPowerModeVlps), (88 bytes).
    Removing fsl_smc.o(i.SMC_SetPowerModeVlpw), (56 bytes).
    Removing fsl_smc.o(i.SMC_SetPowerModeWait), (56 bytes).
    Removing fsl_smc.o(.constdata), (2 bytes).
    Removing fsl_flash.o(.rev16_text), (4 bytes).
    Removing fsl_flash.o(.revsh_text), (4 bytes).
    Removing fsl_flash.o(i.FLASH_Erase), (176 bytes).
    Removing fsl_flash.o(i.FLASH_EraseAll), (72 bytes).
    Removing fsl_flash.o(i.FLASH_EraseAllExecuteOnlySegments), (72 bytes).
    Removing fsl_flash.o(i.FLASH_GetProperty), (104 bytes).
    Removing fsl_flash.o(i.FLASH_GetSecurityState), (60 bytes).
    Removing fsl_flash.o(i.FLASH_Init), (128 bytes).
    Removing fsl_flash.o(i.FLASH_IsExecuteOnly), (50 bytes).
    Removing fsl_flash.o(i.FLASH_IsProtected), (308 bytes).
    Removing fsl_flash.o(i.FLASH_PflashGetPrefetchSpeculation), (56 bytes).
    Removing fsl_flash.o(i.FLASH_PflashGetProtection), (28 bytes).
    Removing fsl_flash.o(i.FLASH_PflashSetPrefetchSpeculation), (76 bytes).
    Removing fsl_flash.o(i.FLASH_PflashSetProtection), (36 bytes).
    Removing fsl_flash.o(i.FLASH_PrepareExecuteInRamFunctions), (34 bytes).
    Removing fsl_flash.o(i.FLASH_Program), (176 bytes).
    Removing fsl_flash.o(i.FLASH_ProgramOnce), (100 bytes).
    Removing fsl_flash.o(i.FLASH_ReadOnce), (96 bytes).
    Removing fsl_flash.o(i.FLASH_ReadResource), (172 bytes).
    Removing fsl_flash.o(i.FLASH_SecurityBypass), (108 bytes).
    Removing fsl_flash.o(i.FLASH_SetCallback), (16 bytes).
    Removing fsl_flash.o(i.FLASH_SetProperty), (106 bytes).
    Removing fsl_flash.o(i.FLASH_VerifyErase), (172 bytes).
    Removing fsl_flash.o(i.FLASH_VerifyEraseAll), (48 bytes).
    Removing fsl_flash.o(i.FLASH_VerifyEraseAllExecuteOnlySegments), (48 bytes).
    Removing fsl_flash.o(i.FLASH_VerifyProgram), (156 bytes).
    Removing fsl_flash.o(i.copy_flash_common_bit_operation), (44 bytes).
    Removing fsl_flash.o(i.copy_flash_run_command), (32 bytes).
    Removing fsl_flash.o(i.flash_cache_clear), (14 bytes).
    Removing fsl_flash.o(i.flash_cache_clear_process), (34 bytes).
    Removing fsl_flash.o(i.flash_check_execute_in_ram_function_info), (32 bytes).
    Removing fsl_flash.o(i.flash_check_range), (58 bytes).
    Removing fsl_flash.o(i.flash_check_resource_range), (88 bytes).
    Removing fsl_flash.o(i.flash_check_user_key), (20 bytes).
    Removing fsl_flash.o(i.flash_command_sequence), (88 bytes).
    Removing fsl_flash.o(i.flash_get_matched_operation_info), (60 bytes).
    Removing fsl_flash.o(i.flash_get_protection_info), (62 bytes).
    Removing fsl_flash.o(i.mcm_flash_cache_clear), (32 bytes).
    Removing fsl_flash.o(.bss), (140 bytes).
    Removing fsl_flash.o(.constdata), (78 bytes).
    Removing fsl_flash.o(.data), (8 bytes).
    Removing fsl_clock.o(.rev16_text), (4 bytes).
    Removing fsl_clock.o(.revsh_text), (4 bytes).
    Removing fsl_clock.o(i.CLOCK_BootToBlpeMode), (84 bytes).
    Removing fsl_clock.o(i.CLOCK_BootToBlpiMode), (68 bytes).
    Removing fsl_clock.o(i.CLOCK_BootToFeeMode), (30 bytes).
    Removing fsl_clock.o(i.CLOCK_BootToFeiMode), (20 bytes).
    Removing fsl_clock.o(i.CLOCK_CalcPllDiv), (256 bytes).
    Removing fsl_clock.o(i.CLOCK_ClearStatusFlags), (40 bytes).
    Removing fsl_clock.o(i.CLOCK_DeinitOsc0), (28 bytes).
    Removing fsl_clock.o(i.CLOCK_EnableUsbfs0Clock), (108 bytes).
    Removing fsl_clock.o(i.CLOCK_ExternalModeToFbeModeQuick), (76 bytes).
    Removing fsl_clock.o(i.CLOCK_FllStableDelay), (28 bytes).
    Removing fsl_clock.o(i.CLOCK_GetBusClkFreq), (56 bytes).
    Removing fsl_clock.o(i.CLOCK_GetEr32kClkFreq), (168 bytes).
    Removing fsl_clock.o(i.CLOCK_GetFixedFreqClkFreq), (30 bytes).
    Removing fsl_clock.o(i.CLOCK_GetFlashClkFreq), (56 bytes).
    Removing fsl_clock.o(i.CLOCK_GetFreq), (176 bytes).
    Removing fsl_clock.o(i.CLOCK_GetInternalRefClkFreq), (28 bytes).
    Removing fsl_clock.o(i.CLOCK_GetMode), (120 bytes).
    Removing fsl_clock.o(i.CLOCK_GetOsc0ErClkFreq), (120 bytes).
    Removing fsl_clock.o(i.CLOCK_GetPlatClkFreq), (28 bytes).
    Removing fsl_clock.o(i.CLOCK_GetPllFllSelClkFreq), (56 bytes).
    Removing fsl_clock.o(i.CLOCK_GetStatusFlags), (64 bytes).
    Removing fsl_clock.o(i.CLOCK_InternalModeToFbiModeQuick), (52 bytes).
    Removing fsl_clock.o(i.CLOCK_SetBlpeMode), (20 bytes).
    Removing fsl_clock.o(i.CLOCK_SetBlpiMode), (20 bytes).
    Removing fsl_clock.o(i.CLOCK_SetFbeMode), (220 bytes).
    Removing fsl_clock.o(i.CLOCK_SetFbiMode), (152 bytes).
    Removing fsl_clock.o(i.CLOCK_SetFeeMode), (188 bytes).
    Removing fsl_clock.o(i.CLOCK_SetFeiMode), (140 bytes).
    Removing fsl_clock.o(i.CLOCK_SetMcgConfig), (292 bytes).
    Removing fsl_clock.o(i.CLOCK_SetOsc0MonitorMode), (80 bytes).
    Removing fsl_clock.o(i.CLOCK_SetPeeMode), (36 bytes).
    Removing fsl_clock.o(i.CLOCK_SetPll0MonitorMode), (68 bytes).
    Removing fsl_clock.o(i.CLOCK_TrimInternalRefClk), (248 bytes).
    Removing hello_world.o(.rev16_text), (4 bytes).
    Removing hello_world.o(.revsh_text), (4 bytes).
    Removing pin_mux.o(.rev16_text), (4 bytes).
    Removing pin_mux.o(.revsh_text), (4 bytes).
    Removing board.o(.rev16_text), (4 bytes).
    Removing board.o(.revsh_text), (4 bytes).
    Removing clock_config.o(.rev16_text), (4 bytes).
    Removing clock_config.o(.revsh_text), (4 bytes).
    Removing clock_config.o(i.BOARD_BootClockVLPR), (92 bytes).
    Removing fsl_debug_console.o(.rev16_text), (4 bytes).
    Removing fsl_debug_console.o(.revsh_text), (4 bytes).
    Removing fsl_debug_console.o(i.DbgConsole_Deinit), (88 bytes).
    Removing fsl_debug_console.o(i.DbgConsole_ScanIgnoreWhiteSpace), (50 bytes).
    Removing fsl_debug_console.o(i.DbgConsole_Scanf), (128 bytes).
    Removing fsl_debug_console.o(i.DbgConsole_ScanfFormattedData), (1052 bytes).
    Removing fsl_debug_console.o(i.fgetc), (40 bytes).
    Removing fsl_debug_console.o(i.fputc), (36 bytes).
    Removing fsl_debug_console.o(.data), (8 bytes).

168 unused section(s) (total 15858 bytes) removed from the image.
