<html>
<body>
<pre>
<h1>µVision Build Log</h1>
<h2>Tool Versions:</h2>
IDE-Version: ¦ÌVision V5.28.0.0
Copyright (C) 2019 ARM Ltd and ARM Germany GmbH. All rights reserved.
License Information: 123 3, 241, LIC=7YKKP-MSXZ1-ZCHJY-IGNN5-IDFAI-NUK50
 
Tool Versions:
Toolchain:       MDK-ARM Professional  Version: 5.28.0.0
Toolchain Path:  D:\Keil_v5\ARM\ARMCC\Bin
C Compiler:      Armcc.exe V5.06 update 6 (build 750)
Assembler:       Armasm.exe V5.06 update 6 (build 750)
Linker/Locator:  ArmLink.exe V5.06 update 6 (build 750)
Library Manager: ArmAr.exe V5.06 update 6 (build 750)
Hex Converter:   FromElf.exe V5.06 update 6 (build 750)
CPU DLL:         SARMCM3.DLL V5.28.0.0
Dialog DLL:      DARMCM1.DLL V1.19.2.0
Target DLL:      PEMicro\Pemicro_ArmCortexInterface.dll V1.3.0.0
Dialog DLL:      TARMCM1.DLL V1.14.1.0
 
<h2>Project:</h2>
E:\github_project\liantiegaolu\doc\MKL16×ÊÁÏ\20200221\SDK_2.2.0_MKL16Z64xxx4\boards\frdmkl26z\demo_apps\adc16_low_power\mdk\adc16_low_power.uvprojx
Project File Date:  02/21/2020

<h2>Output:</h2>
*** Using Compiler 'V5.06 update 6 (build 750)', folder: 'D:\Keil_v5\ARM\ARMCC\Bin'
Build target 'adc16_low_power Debug'
assembling startup_MKL26Z4.s...
compiling system_MKL26Z4.c...
compiling fsl_uart.c...
compiling fsl_lpsci.c...
compiling fsl_gpio.c...
compiling fsl_lptmr.c...
compiling fsl_adc16.c...
compiling fsl_clock.c...
compiling fsl_sim.c...
compiling fsl_pmc.c...
compiling fsl_smc.c...
compiling fsl_common.c...
compiling fsl_flash.c...
compiling adc16_low_power.c...
compiling pin_mux.c...
compiling board.c...
compiling fsl_debug_console.c...
compiling clock_config.c...
linking...
Program Size: Code=8716 RO-data=692 RW-data=48 ZI-data=2076  
"debug\adc16_low_power.out" - 0 Error(s), 0 Warning(s).

<h2>Software Packages used:</h2>

Package Vendor: Keil
                http://www.keil.com/pack/Keil.Kinetis_KLxx_DFP.1.14.0.pack
                Keil.Kinetis_KLxx_DFP.1.14.0
                NXP Kinetis KLxx Series Device Support and Examples

<h2>Collection of Component include folders:</h2>
  .\RTE\_adc16_low_power_Debug
  D:\Keil_v5\Arm\Packs\Keil\Kinetis_KLxx_DFP\1.14.0\Device\Include

<h2>Collection of Component Files used:</h2>
Build Time Elapsed:  00:00:11
</pre>
</body>
</html>
